[2026-01-02T01:56:43.533+0000][0.001s][info][gc,init] CardTable entry size: 512
[2026-01-02T01:56:43.533+0000][0.001s][info][gc     ] Using G1
[2026-01-02T01:56:43.534+0000][0.002s][info][gc,init] Version: 21.0.9+10-LTS (release)
[2026-01-02T01:56:43.534+0000][0.002s][info][gc,init] CPUs: 14 total, 14 available
[2026-01-02T01:56:43.534+0000][0.002s][info][gc,init] Memory: 7836M
[2026-01-02T01:56:43.534+0000][0.002s][info][gc,init] Large Page Support: Disabled
[2026-01-02T01:56:43.534+0000][0.002s][info][gc,init] NUMA Support: Disabled
[2026-01-02T01:56:43.534+0000][0.002s][info][gc,init] Compressed Oops: Enabled (32-bit)
[2026-01-02T01:56:43.534+0000][0.002s][info][gc,init] Heap Region Size: 1M
[2026-01-02T01:56:43.534+0000][0.002s][info][gc,init] Heap Min Capacity: 8M
[2026-01-02T01:56:43.534+0000][0.002s][info][gc,init] Heap Initial Capacity: 124M
[2026-01-02T01:56:43.534+0000][0.002s][info][gc,init] Heap Max Capacity: 1G
[2026-01-02T01:56:43.534+0000][0.002s][info][gc,init] Pre-touch: Disabled
[2026-01-02T01:56:43.534+0000][0.002s][info][gc,init] Parallel Workers: 11
[2026-01-02T01:56:43.534+0000][0.002s][info][gc,init] Concurrent Workers: 3
[2026-01-02T01:56:43.534+0000][0.002s][info][gc,init] Concurrent Refinement Workers: 11
[2026-01-02T01:56:43.534+0000][0.002s][info][gc,init] Periodic GC: Disabled
[2026-01-02T01:56:43.534+0000][0.002s][info][gc,metaspace] CDS archive(s) mapped at: [0x0000000800000000-0x0000000800cb0000-0x0000000800cb0000), size 13303808, SharedBaseAddress: 0x0000000800000000, ArchiveRelocationMode: 1.
[2026-01-02T01:56:43.534+0000][0.002s][info][gc,metaspace] Compressed class space mapped at: 0x0000000801000000-0x0000000841000000, reserved size: 1073741824
[2026-01-02T01:56:43.534+0000][0.002s][info][gc,metaspace] Narrow klass base: 0x0000000800000000, Narrow klass shift: 0, Narrow klass range: 0x100000000
[2026-01-02T01:56:43.641+0000][0.110s][info][gc,start    ] GC(0) Pause Young (Normal) (G1 Evacuation Pause)
[2026-01-02T01:56:43.642+0000][0.110s][info][gc,task     ] GC(0) Using 3 workers of 11 for evacuation
[2026-01-02T01:56:43.643+0000][0.112s][info][gc,phases   ] GC(0)   Pre Evacuate Collection Set: 0.04ms
[2026-01-02T01:56:43.643+0000][0.112s][info][gc,phases   ] GC(0)   Merge Heap Roots: 0.05ms
[2026-01-02T01:56:43.643+0000][0.112s][info][gc,phases   ] GC(0)   Evacuate Collection Set: 0.73ms
[2026-01-02T01:56:43.643+0000][0.112s][info][gc,phases   ] GC(0)   Post Evacuate Collection Set: 0.22ms
[2026-01-02T01:56:43.643+0000][0.112s][info][gc,phases   ] GC(0)   Other: 0.21ms
[2026-01-02T01:56:43.643+0000][0.112s][info][gc,heap     ] GC(0) Eden regions: 23->0(28)
[2026-01-02T01:56:43.643+0000][0.112s][info][gc,heap     ] GC(0) Survivor regions: 0->3(3)
[2026-01-02T01:56:43.643+0000][0.112s][info][gc,heap     ] GC(0) Old regions: 2->7
[2026-01-02T01:56:43.643+0000][0.112s][info][gc,heap     ] GC(0) Humongous regions: 7->7
[2026-01-02T01:56:43.643+0000][0.112s][info][gc,metaspace] GC(0) Metaspace: 5336K(5440K)->5336K(5440K) NonClass: 4730K(4800K)->4730K(4800K) Class: 606K(640K)->606K(640K)
[2026-01-02T01:56:43.643+0000][0.112s][info][gc          ] GC(0) Pause Young (Normal) (G1 Evacuation Pause) 31M->15M(126M) 1.882ms
[2026-01-02T01:56:43.643+0000][0.112s][info][gc,cpu      ] GC(0) User=0.01s Sys=0.00s Real=0.01s
[2026-01-02T01:56:43.790+0000][0.258s][info][gc,start    ] GC(1) Pause Young (Normal) (G1 Evacuation Pause)
[2026-01-02T01:56:43.790+0000][0.258s][info][gc,task     ] GC(1) Using 3 workers of 11 for evacuation
[2026-01-02T01:56:43.792+0000][0.260s][info][gc,phases   ] GC(1)   Pre Evacuate Collection Set: 0.09ms
[2026-01-02T01:56:43.792+0000][0.260s][info][gc,phases   ] GC(1)   Merge Heap Roots: 0.04ms
[2026-01-02T01:56:43.792+0000][0.260s][info][gc,phases   ] GC(1)   Evacuate Collection Set: 1.81ms
[2026-01-02T01:56:43.792+0000][0.260s][info][gc,phases   ] GC(1)   Post Evacuate Collection Set: 0.48ms
[2026-01-02T01:56:43.792+0000][0.260s][info][gc,phases   ] GC(1)   Other: 0.03ms
[2026-01-02T01:56:43.792+0000][0.260s][info][gc,heap     ] GC(1) Eden regions: 28->0(59)
[2026-01-02T01:56:43.792+0000][0.260s][info][gc,heap     ] GC(1) Survivor regions: 3->4(4)
[2026-01-02T01:56:43.792+0000][0.261s][info][gc,heap     ] GC(1) Old regions: 7->14
[2026-01-02T01:56:43.792+0000][0.261s][info][gc,heap     ] GC(1) Humongous regions: 13->12
[2026-01-02T01:56:43.792+0000][0.261s][info][gc,metaspace] GC(1) Metaspace: 12594K(12800K)->12594K(12800K) NonClass: 11174K(11264K)->11174K(11264K) Class: 1419K(1536K)->1419K(1536K)
[2026-01-02T01:56:43.792+0000][0.261s][info][gc          ] GC(1) Pause Young (Normal) (G1 Evacuation Pause) 49M->28M(126M) 2.552ms
[2026-01-02T01:56:43.792+0000][0.261s][info][gc,cpu      ] GC(1) User=0.00s Sys=0.00s Real=0.01s
[2026-01-02T01:56:43.963+0000][0.431s][info][gc,start    ] GC(2) Pause Young (Concurrent Start) (Metadata GC Threshold)
[2026-01-02T01:56:43.963+0000][0.431s][info][gc,task     ] GC(2) Using 3 workers of 11 for evacuation
[2026-01-02T01:56:43.965+0000][0.434s][info][gc,phases   ] GC(2)   Pre Evacuate Collection Set: 0.10ms
[2026-01-02T01:56:43.965+0000][0.434s][info][gc,phases   ] GC(2)   Merge Heap Roots: 0.04ms
[2026-01-02T01:56:43.965+0000][0.434s][info][gc,phases   ] GC(2)   Evacuate Collection Set: 1.62ms
[2026-01-02T01:56:43.965+0000][0.434s][info][gc,phases   ] GC(2)   Post Evacuate Collection Set: 0.64ms
[2026-01-02T01:56:43.965+0000][0.434s][info][gc,phases   ] GC(2)   Other: 0.06ms
[2026-01-02T01:56:43.965+0000][0.434s][info][gc,heap     ] GC(2) Eden regions: 28->0(58)
[2026-01-02T01:56:43.965+0000][0.434s][info][gc,heap     ] GC(2) Survivor regions: 4->7(8)
[2026-01-02T01:56:43.965+0000][0.434s][info][gc,heap     ] GC(2) Old regions: 14->14
[2026-01-02T01:56:43.965+0000][0.434s][info][gc,heap     ] GC(2) Humongous regions: 12->12
[2026-01-02T01:56:43.965+0000][0.434s][info][gc,metaspace] GC(2) Metaspace: 21212K(21504K)->21212K(21504K) NonClass: 18673K(18816K)->18673K(18816K) Class: 2538K(2688K)->2538K(2688K)
[2026-01-02T01:56:43.965+0000][0.434s][info][gc          ] GC(2) Pause Young (Concurrent Start) (Metadata GC Threshold) 56M->31M(126M) 2.543ms
[2026-01-02T01:56:43.965+0000][0.434s][info][gc,cpu      ] GC(2) User=0.01s Sys=0.00s Real=0.00s
[2026-01-02T01:56:43.965+0000][0.434s][info][gc          ] GC(3) Concurrent Mark Cycle
[2026-01-02T01:56:43.965+0000][0.434s][info][gc,marking  ] GC(3) Concurrent Scan Root Regions
[2026-01-02T01:56:43.967+0000][0.436s][info][gc,marking  ] GC(3) Concurrent Scan Root Regions 1.933ms
[2026-01-02T01:56:43.967+0000][0.436s][info][gc,marking  ] GC(3) Concurrent Mark
[2026-01-02T01:56:43.967+0000][0.436s][info][gc,marking  ] GC(3) Concurrent Mark From Roots
[2026-01-02T01:56:43.967+0000][0.436s][info][gc,task     ] GC(3) Using 3 workers of 3 for marking
[2026-01-02T01:56:43.968+0000][0.437s][info][gc,marking  ] GC(3) Concurrent Mark From Roots 1.128ms
[2026-01-02T01:56:43.968+0000][0.437s][info][gc,marking  ] GC(3) Concurrent Preclean
[2026-01-02T01:56:43.968+0000][0.437s][info][gc,marking  ] GC(3) Concurrent Preclean 0.011ms
[2026-01-02T01:56:43.970+0000][0.438s][info][gc,start    ] GC(3) Pause Remark
[2026-01-02T01:56:43.971+0000][0.439s][info][gc          ] GC(3) Pause Remark 31M->31M(110M) 1.100ms
[2026-01-02T01:56:43.971+0000][0.439s][info][gc,cpu      ] GC(3) User=0.00s Sys=0.00s Real=0.00s
[2026-01-02T01:56:43.971+0000][0.439s][info][gc,marking  ] GC(3) Concurrent Mark 3.565ms
[2026-01-02T01:56:43.971+0000][0.439s][info][gc,marking  ] GC(3) Concurrent Rebuild Remembered Sets and Scrub Regions
[2026-01-02T01:56:43.971+0000][0.440s][info][gc,marking  ] GC(3) Concurrent Rebuild Remembered Sets and Scrub Regions 0.595ms
[2026-01-02T01:56:43.973+0000][0.441s][info][gc,start    ] GC(3) Pause Cleanup
[2026-01-02T01:56:43.973+0000][0.441s][info][gc          ] GC(3) Pause Cleanup 31M->31M(110M) 0.091ms
[2026-01-02T01:56:43.973+0000][0.441s][info][gc,cpu      ] GC(3) User=0.00s Sys=0.00s Real=0.00s
[2026-01-02T01:56:43.973+0000][0.441s][info][gc,marking  ] GC(3) Concurrent Clear Claimed Marks
[2026-01-02T01:56:43.973+0000][0.441s][info][gc,marking  ] GC(3) Concurrent Clear Claimed Marks 0.010ms
[2026-01-02T01:56:43.973+0000][0.441s][info][gc,marking  ] GC(3) Concurrent Cleanup for Next Mark
[2026-01-02T01:56:43.973+0000][0.441s][info][gc,marking  ] GC(3) Concurrent Cleanup for Next Mark 0.267ms
[2026-01-02T01:56:43.973+0000][0.442s][info][gc          ] GC(3) Concurrent Mark Cycle 7.802ms
[2026-01-02T01:56:44.506+0000][0.974s][info][gc,start    ] GC(4) Pause Young (Prepare Mixed) (Metadata GC Threshold)
[2026-01-02T01:56:44.506+0000][0.974s][info][gc,task     ] GC(4) Using 6 workers of 11 for evacuation
[2026-01-02T01:56:44.511+0000][0.979s][info][gc,phases   ] GC(4)   Pre Evacuate Collection Set: 0.10ms
[2026-01-02T01:56:44.511+0000][0.979s][info][gc,phases   ] GC(4)   Merge Heap Roots: 0.07ms
[2026-01-02T01:56:44.511+0000][0.979s][info][gc,phases   ] GC(4)   Evacuate Collection Set: 4.21ms
[2026-01-02T01:56:44.511+0000][0.979s][info][gc,phases   ] GC(4)   Post Evacuate Collection Set: 0.53ms
[2026-01-02T01:56:44.511+0000][0.979s][info][gc,phases   ] GC(4)   Other: 0.04ms
[2026-01-02T01:56:44.511+0000][0.979s][info][gc,heap     ] GC(4) Eden regions: 57->0(48)
[2026-01-02T01:56:44.511+0000][0.979s][info][gc,heap     ] GC(4) Survivor regions: 7->7(9)
[2026-01-02T01:56:44.511+0000][0.979s][info][gc,heap     ] GC(4) Old regions: 14->18
[2026-01-02T01:56:44.511+0000][0.979s][info][gc,heap     ] GC(4) Humongous regions: 12->12
[2026-01-02T01:56:44.511+0000][0.979s][info][gc,metaspace] GC(4) Metaspace: 35712K(36160K)->35712K(36160K) NonClass: 31386K(31616K)->31386K(31616K) Class: 4325K(4544K)->4325K(4544K)
[2026-01-02T01:56:44.511+0000][0.979s][info][gc          ] GC(4) Pause Young (Prepare Mixed) (Metadata GC Threshold) 87M->34M(110M) 5.055ms
[2026-01-02T01:56:44.511+0000][0.979s][info][gc,cpu      ] GC(4) User=0.01s Sys=0.01s Real=0.00s
[2026-01-02T01:56:44.521+0000][0.990s][info][gc,start    ] GC(5) Pause Young (Mixed) (Metadata GC Threshold)
[2026-01-02T01:56:44.521+0000][0.990s][info][gc,task     ] GC(5) Using 6 workers of 11 for evacuation
[2026-01-02T01:56:44.523+0000][0.992s][info][gc,phases   ] GC(5)   Pre Evacuate Collection Set: 0.10ms
[2026-01-02T01:56:44.523+0000][0.992s][info][gc,phases   ] GC(5)   Merge Heap Roots: 0.05ms
[2026-01-02T01:56:44.523+0000][0.992s][info][gc,phases   ] GC(5)   Evacuate Collection Set: 1.34ms
[2026-01-02T01:56:44.523+0000][0.992s][info][gc,phases   ] GC(5)   Post Evacuate Collection Set: 0.22ms
[2026-01-02T01:56:44.523+0000][0.992s][info][gc,phases   ] GC(5)   Other: 0.04ms
[2026-01-02T01:56:44.523+0000][0.992s][info][gc,heap     ] GC(5) Eden regions: 2->0(48)
[2026-01-02T01:56:44.523+0000][0.992s][info][gc,heap     ] GC(5) Survivor regions: 7->1(7)
[2026-01-02T01:56:44.523+0000][0.992s][info][gc,heap     ] GC(5) Old regions: 18->23
[2026-01-02T01:56:44.523+0000][0.992s][info][gc,heap     ] GC(5) Humongous regions: 12->12
[2026-01-02T01:56:44.523+0000][0.992s][info][gc,metaspace] GC(5) Metaspace: 36086K(36480K)->36086K(36480K) NonClass: 31704K(31936K)->31704K(31936K) Class: 4381K(4544K)->4381K(4544K)
[2026-01-02T01:56:44.523+0000][0.992s][info][gc          ] GC(5) Pause Young (Mixed) (Metadata GC Threshold) 36M->35M(110M) 1.830ms
[2026-01-02T01:56:44.523+0000][0.992s][info][gc,cpu      ] GC(5) User=0.00s Sys=0.00s Real=0.01s
[2026-01-02T01:56:44.528+0000][0.997s][info][gc,start    ] GC(6) Pause Young (Concurrent Start) (Metadata GC Threshold)
[2026-01-02T01:56:44.528+0000][0.997s][info][gc,task     ] GC(6) Using 6 workers of 11 for evacuation
[2026-01-02T01:56:44.529+0000][0.997s][info][gc,phases   ] GC(6)   Pre Evacuate Collection Set: 0.11ms
[2026-01-02T01:56:44.529+0000][0.997s][info][gc,phases   ] GC(6)   Merge Heap Roots: 0.04ms
[2026-01-02T01:56:44.529+0000][0.997s][info][gc,phases   ] GC(6)   Evacuate Collection Set: 0.29ms
[2026-01-02T01:56:44.529+0000][0.997s][info][gc,phases   ] GC(6)   Post Evacuate Collection Set: 0.17ms
[2026-01-02T01:56:44.529+0000][0.997s][info][gc,phases   ] GC(6)   Other: 0.06ms
[2026-01-02T01:56:44.529+0000][0.997s][info][gc,heap     ] GC(6) Eden regions: 1->0(53)
[2026-01-02T01:56:44.529+0000][0.997s][info][gc,heap     ] GC(6) Survivor regions: 1->1(7)
[2026-01-02T01:56:44.529+0000][0.997s][info][gc,heap     ] GC(6) Old regions: 23->23
[2026-01-02T01:56:44.529+0000][0.997s][info][gc,heap     ] GC(6) Humongous regions: 12->12
[2026-01-02T01:56:44.529+0000][0.997s][info][gc,metaspace] GC(6) Metaspace: 36379K(36800K)->36379K(36800K) NonClass: 31966K(32192K)->31966K(32192K) Class: 4413K(4608K)->4413K(4608K)
[2026-01-02T01:56:44.529+0000][0.997s][info][gc          ] GC(6) Pause Young (Concurrent Start) (Metadata GC Threshold) 36M->34M(110M) 0.723ms
[2026-01-02T01:56:44.529+0000][0.997s][info][gc,cpu      ] GC(6) User=0.01s Sys=0.00s Real=0.00s
[2026-01-02T01:56:44.529+0000][0.997s][info][gc          ] GC(7) Concurrent Mark Cycle
[2026-01-02T01:56:44.529+0000][0.997s][info][gc,marking  ] GC(7) Concurrent Scan Root Regions
[2026-01-02T01:56:44.529+0000][0.998s][info][gc,marking  ] GC(7) Concurrent Scan Root Regions 0.247ms
[2026-01-02T01:56:44.529+0000][0.998s][info][gc,marking  ] GC(7) Concurrent Mark
[2026-01-02T01:56:44.529+0000][0.998s][info][gc,marking  ] GC(7) Concurrent Mark From Roots
[2026-01-02T01:56:44.529+0000][0.998s][info][gc,task     ] GC(7) Using 3 workers of 3 for marking
[2026-01-02T01:56:44.532+0000][1.000s][info][gc,marking  ] GC(7) Concurrent Mark From Roots 2.747ms
[2026-01-02T01:56:44.532+0000][1.000s][info][gc,marking  ] GC(7) Concurrent Preclean
[2026-01-02T01:56:44.532+0000][1.000s][info][gc,marking  ] GC(7) Concurrent Preclean 0.029ms
[2026-01-02T01:56:44.533+0000][1.001s][info][gc,start    ] GC(7) Pause Remark
[2026-01-02T01:56:44.534+0000][1.002s][info][gc          ] GC(7) Pause Remark 35M->35M(110M) 1.242ms
[2026-01-02T01:56:44.534+0000][1.002s][info][gc,cpu      ] GC(7) User=0.00s Sys=0.00s Real=0.00s
[2026-01-02T01:56:44.534+0000][1.002s][info][gc,marking  ] GC(7) Concurrent Mark 4.729ms
[2026-01-02T01:56:44.534+0000][1.002s][info][gc,marking  ] GC(7) Concurrent Rebuild Remembered Sets and Scrub Regions
[2026-01-02T01:56:44.535+0000][1.003s][info][gc,marking  ] GC(7) Concurrent Rebuild Remembered Sets and Scrub Regions 1.060ms
[2026-01-02T01:56:44.536+0000][1.004s][info][gc,start    ] GC(7) Pause Cleanup
[2026-01-02T01:56:44.536+0000][1.004s][info][gc          ] GC(7) Pause Cleanup 35M->35M(110M) 0.075ms
[2026-01-02T01:56:44.536+0000][1.004s][info][gc,cpu      ] GC(7) User=0.00s Sys=0.00s Real=0.00s
[2026-01-02T01:56:44.536+0000][1.004s][info][gc,marking  ] GC(7) Concurrent Clear Claimed Marks
[2026-01-02T01:56:44.536+0000][1.004s][info][gc,marking  ] GC(7) Concurrent Clear Claimed Marks 0.021ms
[2026-01-02T01:56:44.536+0000][1.004s][info][gc,marking  ] GC(7) Concurrent Cleanup for Next Mark
[2026-01-02T01:56:44.536+0000][1.004s][info][gc,marking  ] GC(7) Concurrent Cleanup for Next Mark 0.067ms
[2026-01-02T01:56:44.536+0000][1.004s][info][gc          ] GC(7) Concurrent Mark Cycle 6.907ms
[2026-01-02T01:56:44.865+0000][1.334s][info][gc,start    ] GC(8) Pause Young (Prepare Mixed) (G1 Evacuation Pause)
[2026-01-02T01:56:44.865+0000][1.334s][info][gc,task     ] GC(8) Using 6 workers of 11 for evacuation
[2026-01-02T01:56:44.867+0000][1.336s][info][gc,phases   ] GC(8)   Pre Evacuate Collection Set: 0.15ms
[2026-01-02T01:56:44.867+0000][1.336s][info][gc,phases   ] GC(8)   Merge Heap Roots: 0.09ms
[2026-01-02T01:56:44.867+0000][1.336s][info][gc,phases   ] GC(8)   Evacuate Collection Set: 1.54ms
[2026-01-02T01:56:44.867+0000][1.336s][info][gc,phases   ] GC(8)   Post Evacuate Collection Set: 0.35ms
[2026-01-02T01:56:44.867+0000][1.336s][info][gc,phases   ] GC(8)   Other: 0.04ms
[2026-01-02T01:56:44.867+0000][1.336s][info][gc,heap     ] GC(8) Eden regions: 53->0(52)
[2026-01-02T01:56:44.867+0000][1.336s][info][gc,heap     ] GC(8) Survivor regions: 1->5(7)
[2026-01-02T01:56:44.867+0000][1.336s][info][gc,heap     ] GC(8) Old regions: 23->23
[2026-01-02T01:56:44.867+0000][1.336s][info][gc,heap     ] GC(8) Humongous regions: 12->12
[2026-01-02T01:56:44.867+0000][1.336s][info][gc,metaspace] GC(8) Metaspace: 49507K(50048K)->49507K(50048K) NonClass: 43555K(43840K)->43555K(43840K) Class: 5952K(6208K)->5952K(6208K)
[2026-01-02T01:56:44.867+0000][1.336s][info][gc          ] GC(8) Pause Young (Prepare Mixed) (G1 Evacuation Pause) 87M->38M(110M) 2.270ms
[2026-01-02T01:56:44.868+0000][1.336s][info][gc,cpu      ] GC(8) User=0.01s Sys=0.00s Real=0.00s
[2026-01-02T01:56:45.226+0000][1.694s][info][gc,start    ] GC(9) Pause Young (Mixed) (Metadata GC Threshold)
[2026-01-02T01:56:45.226+0000][1.694s][info][gc,task     ] GC(9) Using 8 workers of 11 for evacuation
[2026-01-02T01:56:45.228+0000][1.696s][info][gc,phases   ] GC(9)   Pre Evacuate Collection Set: 0.14ms
[2026-01-02T01:56:45.228+0000][1.696s][info][gc,phases   ] GC(9)   Merge Heap Roots: 0.06ms
[2026-01-02T01:56:45.228+0000][1.696s][info][gc,phases   ] GC(9)   Evacuate Collection Set: 1.46ms
[2026-01-02T01:56:45.228+0000][1.696s][info][gc,phases   ] GC(9)   Post Evacuate Collection Set: 0.64ms
[2026-01-02T01:56:45.228+0000][1.696s][info][gc,phases   ] GC(9)   Other: 0.04ms
[2026-01-02T01:56:45.228+0000][1.696s][info][gc,heap     ] GC(9) Eden regions: 41->0(51)
[2026-01-02T01:56:45.228+0000][1.696s][info][gc,heap     ] GC(9) Survivor regions: 5->8(8)
[2026-01-02T01:56:45.228+0000][1.696s][info][gc,heap     ] GC(9) Old regions: 23->22
[2026-01-02T01:56:45.228+0000][1.696s][info][gc,heap     ] GC(9) Humongous regions: 12->12
[2026-01-02T01:56:45.228+0000][1.696s][info][gc,metaspace] GC(9) Metaspace: 61045K(61568K)->61045K(61568K) NonClass: 53747K(54016K)->53747K(54016K) Class: 7297K(7552K)->7297K(7552K)
[2026-01-02T01:56:45.228+0000][1.696s][info][gc          ] GC(9) Pause Young (Mixed) (Metadata GC Threshold) 78M->41M(110M) 2.424ms
[2026-01-02T01:56:45.228+0000][1.696s][info][gc,cpu      ] GC(9) User=0.02s Sys=0.00s Real=0.00s
[2026-01-02T01:56:45.233+0000][1.701s][info][gc,start    ] GC(10) Pause Young (Concurrent Start) (Metadata GC Threshold)
[2026-01-02T01:56:45.233+0000][1.701s][info][gc,task     ] GC(10) Using 8 workers of 11 for evacuation
[2026-01-02T01:56:45.235+0000][1.704s][info][gc,phases   ] GC(10)   Pre Evacuate Collection Set: 0.10ms
[2026-01-02T01:56:45.235+0000][1.704s][info][gc,phases   ] GC(10)   Merge Heap Roots: 0.07ms
[2026-01-02T01:56:45.235+0000][1.704s][info][gc,phases   ] GC(10)   Evacuate Collection Set: 1.56ms
[2026-01-02T01:56:45.235+0000][1.704s][info][gc,phases   ] GC(10)   Post Evacuate Collection Set: 0.50ms
[2026-01-02T01:56:45.235+0000][1.704s][info][gc,phases   ] GC(10)   Other: 0.06ms
[2026-01-02T01:56:45.235+0000][1.704s][info][gc,heap     ] GC(10) Eden regions: 1->0(52)
[2026-01-02T01:56:45.235+0000][1.704s][info][gc,heap     ] GC(10) Survivor regions: 8->4(8)
[2026-01-02T01:56:45.235+0000][1.704s][info][gc,heap     ] GC(10) Old regions: 22->27
[2026-01-02T01:56:45.235+0000][1.704s][info][gc,heap     ] GC(10) Humongous regions: 12->12
[2026-01-02T01:56:45.235+0000][1.704s][info][gc,metaspace] GC(10) Metaspace: 61328K(61888K)->61328K(61888K) NonClass: 53991K(54272K)->53991K(54272K) Class: 7336K(7616K)->7336K(7616K)
[2026-01-02T01:56:45.235+0000][1.704s][info][gc          ] GC(10) Pause Young (Concurrent Start) (Metadata GC Threshold) 42M->41M(110M) 2.363ms
[2026-01-02T01:56:45.235+0000][1.704s][info][gc,cpu      ] GC(10) User=0.01s Sys=0.01s Real=0.00s
[2026-01-02T01:56:45.235+0000][1.704s][info][gc          ] GC(11) Concurrent Mark Cycle
[2026-01-02T01:56:45.235+0000][1.704s][info][gc,marking  ] GC(11) Concurrent Scan Root Regions
[2026-01-02T01:56:45.236+0000][1.705s][info][gc,marking  ] GC(11) Concurrent Scan Root Regions 0.975ms
[2026-01-02T01:56:45.236+0000][1.705s][info][gc,marking  ] GC(11) Concurrent Mark
[2026-01-02T01:56:45.236+0000][1.705s][info][gc,marking  ] GC(11) Concurrent Mark From Roots
[2026-01-02T01:56:45.236+0000][1.705s][info][gc,task     ] GC(11) Using 3 workers of 3 for marking
[2026-01-02T01:56:45.239+0000][1.707s][info][gc,marking  ] GC(11) Concurrent Mark From Roots 2.488ms
[2026-01-02T01:56:45.239+0000][1.707s][info][gc,marking  ] GC(11) Concurrent Preclean
[2026-01-02T01:56:45.239+0000][1.707s][info][gc,marking  ] GC(11) Concurrent Preclean 0.034ms
[2026-01-02T01:56:45.239+0000][1.707s][info][gc,start    ] GC(11) Pause Remark
[2026-01-02T01:56:45.240+0000][1.709s][info][gc          ] GC(11) Pause Remark 42M->42M(110M) 1.654ms
[2026-01-02T01:56:45.241+0000][1.709s][info][gc,cpu      ] GC(11) User=0.01s Sys=0.00s Real=0.00s
[2026-01-02T01:56:45.241+0000][1.709s][info][gc,marking  ] GC(11) Concurrent Mark 4.310ms
[2026-01-02T01:56:45.241+0000][1.709s][info][gc,marking  ] GC(11) Concurrent Rebuild Remembered Sets and Scrub Regions
[2026-01-02T01:56:45.242+0000][1.710s][info][gc,marking  ] GC(11) Concurrent Rebuild Remembered Sets and Scrub Regions 1.567ms
[2026-01-02T01:56:45.242+0000][1.711s][info][gc,start    ] GC(11) Pause Cleanup
[2026-01-02T01:56:45.243+0000][1.711s][info][gc          ] GC(11) Pause Cleanup 42M->42M(110M) 0.062ms
[2026-01-02T01:56:45.243+0000][1.711s][info][gc,cpu      ] GC(11) User=0.00s Sys=0.00s Real=0.00s
[2026-01-02T01:56:45.243+0000][1.711s][info][gc,marking  ] GC(11) Concurrent Clear Claimed Marks
[2026-01-02T01:56:45.243+0000][1.711s][info][gc,marking  ] GC(11) Concurrent Clear Claimed Marks 0.046ms
[2026-01-02T01:56:45.243+0000][1.711s][info][gc,marking  ] GC(11) Concurrent Cleanup for Next Mark
[2026-01-02T01:56:45.243+0000][1.711s][info][gc,marking  ] GC(11) Concurrent Cleanup for Next Mark 0.073ms
[2026-01-02T01:56:45.243+0000][1.711s][info][gc          ] GC(11) Concurrent Mark Cycle 7.464ms
[2026-01-02T01:56:45.596+0000][2.065s][info][gc,start    ] GC(12) Pause Young (Prepare Mixed) (G1 Evacuation Pause)
[2026-01-02T01:56:45.596+0000][2.065s][info][gc,task     ] GC(12) Using 8 workers of 11 for evacuation
[2026-01-02T01:56:45.600+0000][2.068s][info][gc,phases   ] GC(12)   Pre Evacuate Collection Set: 0.13ms
[2026-01-02T01:56:45.600+0000][2.068s][info][gc,phases   ] GC(12)   Merge Heap Roots: 0.06ms
[2026-01-02T01:56:45.600+0000][2.068s][info][gc,phases   ] GC(12)   Evacuate Collection Set: 2.09ms
[2026-01-02T01:56:45.600+0000][2.068s][info][gc,phases   ] GC(12)   Post Evacuate Collection Set: 0.98ms
[2026-01-02T01:56:45.600+0000][2.068s][info][gc,phases   ] GC(12)   Other: 0.03ms
[2026-01-02T01:56:45.600+0000][2.068s][info][gc,heap     ] GC(12) Eden regions: 52->0(93)
[2026-01-02T01:56:45.600+0000][2.068s][info][gc,heap     ] GC(12) Survivor regions: 4->7(7)
[2026-01-02T01:56:45.600+0000][2.068s][info][gc,heap     ] GC(12) Old regions: 27->28
[2026-01-02T01:56:45.600+0000][2.068s][info][gc,heap     ] GC(12) Humongous regions: 12->12
[2026-01-02T01:56:45.600+0000][2.068s][info][gc,metaspace] GC(12) Metaspace: 72998K(73600K)->72998K(73600K) NonClass: 64144K(64448K)->64144K(64448K) Class: 8853K(9152K)->8853K(9152K)
[2026-01-02T01:56:45.600+0000][2.068s][info][gc          ] GC(12) Pause Young (Prepare Mixed) (G1 Evacuation Pause) 93M->46M(168M) 3.376ms
[2026-01-02T01:56:45.600+0000][2.068s][info][gc,cpu      ] GC(12) User=0.02s Sys=0.00s Real=0.00s
[2026-01-02T01:56:46.218+0000][2.686s][info][gc,start    ] GC(13) Pause Young (Mixed) (G1 Evacuation Pause)
[2026-01-02T01:56:46.218+0000][2.686s][info][gc,task     ] GC(13) Using 8 workers of 11 for evacuation
[2026-01-02T01:56:46.221+0000][2.689s][info][gc,phases   ] GC(13)   Pre Evacuate Collection Set: 0.12ms
[2026-01-02T01:56:46.221+0000][2.689s][info][gc,phases   ] GC(13)   Merge Heap Roots: 0.09ms
[2026-01-02T01:56:46.221+0000][2.689s][info][gc,phases   ] GC(13)   Evacuate Collection Set: 2.49ms
[2026-01-02T01:56:46.221+0000][2.689s][info][gc,phases   ] GC(13)   Post Evacuate Collection Set: 0.53ms
[2026-01-02T01:56:46.221+0000][2.689s][info][gc,phases   ] GC(13)   Other: 0.06ms
[2026-01-02T01:56:46.221+0000][2.689s][info][gc,heap     ] GC(13) Eden regions: 93->0(86)
[2026-01-02T01:56:46.221+0000][2.689s][info][gc,heap     ] GC(13) Survivor regions: 7->13(13)
[2026-01-02T01:56:46.221+0000][2.689s][info][gc,heap     ] GC(13) Old regions: 28->30
[2026-01-02T01:56:46.221+0000][2.689s][info][gc,heap     ] GC(13) Humongous regions: 13->12
[2026-01-02T01:56:46.221+0000][2.689s][info][gc,metaspace] GC(13) Metaspace: 96129K(96704K)->96129K(96704K) NonClass: 84293K(84608K)->84293K(84608K) Class: 11835K(12096K)->11835K(12096K)
[2026-01-02T01:56:46.221+0000][2.689s][info][gc          ] GC(13) Pause Young (Mixed) (G1 Evacuation Pause) 140M->54M(168M) 3.379ms
[2026-01-02T01:56:46.221+0000][2.690s][info][gc,cpu      ] GC(13) User=0.02s Sys=0.00s Real=0.00s
[2026-01-02T01:56:46.285+0000][2.754s][info][gc,start    ] GC(14) Pause Young (Concurrent Start) (G1 Humongous Allocation)
[2026-01-02T01:56:46.286+0000][2.754s][info][gc,task     ] GC(14) Using 8 workers of 11 for evacuation
[2026-01-02T01:56:46.288+0000][2.757s][info][gc,phases   ] GC(14)   Pre Evacuate Collection Set: 0.13ms
[2026-01-02T01:56:46.288+0000][2.757s][info][gc,phases   ] GC(14)   Merge Heap Roots: 0.06ms
[2026-01-02T01:56:46.288+0000][2.757s][info][gc,phases   ] GC(14)   Evacuate Collection Set: 1.81ms
[2026-01-02T01:56:46.288+0000][2.757s][info][gc,phases   ] GC(14)   Post Evacuate Collection Set: 0.56ms
[2026-01-02T01:56:46.288+0000][2.757s][info][gc,phases   ] GC(14)   Other: 0.07ms
[2026-01-02T01:56:46.288+0000][2.757s][info][gc,heap     ] GC(14) Eden regions: 18->0(92)
[2026-01-02T01:56:46.288+0000][2.757s][info][gc,heap     ] GC(14) Survivor regions: 13->2(13)
[2026-01-02T01:56:46.288+0000][2.757s][info][gc,heap     ] GC(14) Old regions: 30->42
[2026-01-02T01:56:46.288+0000][2.757s][info][gc,heap     ] GC(14) Humongous regions: 12->12
[2026-01-02T01:56:46.288+0000][2.757s][info][gc,metaspace] GC(14) Metaspace: 98432K(99136K)->98432K(99136K) NonClass: 86249K(86592K)->86249K(86592K) Class: 12183K(12544K)->12183K(12544K)
[2026-01-02T01:56:46.288+0000][2.757s][info][gc          ] GC(14) Pause Young (Concurrent Start) (G1 Humongous Allocation) 71M->55M(168M) 2.717ms
[2026-01-02T01:56:46.288+0000][2.757s][info][gc,cpu      ] GC(14) User=0.02s Sys=0.00s Real=0.00s
[2026-01-02T01:56:46.288+0000][2.757s][info][gc          ] GC(15) Concurrent Mark Cycle
[2026-01-02T01:56:46.288+0000][2.757s][info][gc,marking  ] GC(15) Concurrent Scan Root Regions
[2026-01-02T01:56:46.290+0000][2.758s][info][gc,marking  ] GC(15) Concurrent Scan Root Regions 1.435ms
[2026-01-02T01:56:46.290+0000][2.758s][info][gc,marking  ] GC(15) Concurrent Mark
[2026-01-02T01:56:46.290+0000][2.758s][info][gc,marking  ] GC(15) Concurrent Mark From Roots
[2026-01-02T01:56:46.290+0000][2.758s][info][gc,task     ] GC(15) Using 3 workers of 3 for marking
[2026-01-02T01:56:46.294+0000][2.763s][info][gc,marking  ] GC(15) Concurrent Mark From Roots 4.646ms
[2026-01-02T01:56:46.294+0000][2.763s][info][gc,marking  ] GC(15) Concurrent Preclean
[2026-01-02T01:56:46.294+0000][2.763s][info][gc,marking  ] GC(15) Concurrent Preclean 0.108ms
[2026-01-02T01:56:46.296+0000][2.764s][info][gc,start    ] GC(15) Pause Remark
[2026-01-02T01:56:46.298+0000][2.766s][info][gc          ] GC(15) Pause Remark 62M->62M(168M) 2.088ms
[2026-01-02T01:56:46.298+0000][2.766s][info][gc,cpu      ] GC(15) User=0.01s Sys=0.00s Real=0.00s
[2026-01-02T01:56:46.298+0000][2.766s][info][gc,marking  ] GC(15) Concurrent Mark 8.214ms
[2026-01-02T01:56:46.298+0000][2.766s][info][gc,marking  ] GC(15) Concurrent Rebuild Remembered Sets and Scrub Regions
[2026-01-02T01:56:46.301+0000][2.769s][info][gc,marking  ] GC(15) Concurrent Rebuild Remembered Sets and Scrub Regions 2.787ms
[2026-01-02T01:56:46.302+0000][2.770s][info][gc,start    ] GC(15) Pause Cleanup
[2026-01-02T01:56:46.302+0000][2.770s][info][gc          ] GC(15) Pause Cleanup 63M->63M(168M) 0.068ms
[2026-01-02T01:56:46.302+0000][2.770s][info][gc,cpu      ] GC(15) User=0.00s Sys=0.00s Real=0.00s
[2026-01-02T01:56:46.302+0000][2.770s][info][gc,marking  ] GC(15) Concurrent Clear Claimed Marks
[2026-01-02T01:56:46.302+0000][2.770s][info][gc,marking  ] GC(15) Concurrent Clear Claimed Marks 0.070ms
[2026-01-02T01:56:46.302+0000][2.770s][info][gc,marking  ] GC(15) Concurrent Cleanup for Next Mark
[2026-01-02T01:56:46.302+0000][2.770s][info][gc,marking  ] GC(15) Concurrent Cleanup for Next Mark 0.173ms
[2026-01-02T01:56:46.302+0000][2.770s][info][gc          ] GC(15) Concurrent Mark Cycle 13.798ms
[2026-01-02T01:56:47.412+0000][3.880s][info][gc,start    ] GC(16) Pause Young (Prepare Mixed) (G1 Evacuation Pause)
[2026-01-02T01:56:47.412+0000][3.880s][info][gc,task     ] GC(16) Using 8 workers of 11 for evacuation
[2026-01-02T01:56:47.414+0000][3.882s][info][gc,phases   ] GC(16)   Pre Evacuate Collection Set: 0.09ms
[2026-01-02T01:56:47.414+0000][3.882s][info][gc,phases   ] GC(16)   Merge Heap Roots: 0.08ms
[2026-01-02T01:56:47.414+0000][3.882s][info][gc,phases   ] GC(16)   Evacuate Collection Set: 1.04ms
[2026-01-02T01:56:47.414+0000][3.882s][info][gc,phases   ] GC(16)   Post Evacuate Collection Set: 0.52ms
[2026-01-02T01:56:47.414+0000][3.882s][info][gc,phases   ] GC(16)   Other: 0.04ms
[2026-01-02T01:56:47.414+0000][3.882s][info][gc,heap     ] GC(16) Eden regions: 92->0(92)
[2026-01-02T01:56:47.414+0000][3.882s][info][gc,heap     ] GC(16) Survivor regions: 2->5(12)
[2026-01-02T01:56:47.414+0000][3.882s][info][gc,heap     ] GC(16) Old regions: 42->42
[2026-01-02T01:56:47.414+0000][3.882s][info][gc,heap     ] GC(16) Humongous regions: 22->12
[2026-01-02T01:56:47.414+0000][3.882s][info][gc,metaspace] GC(16) Metaspace: 109382K(110208K)->109382K(110208K) NonClass: 95678K(96128K)->95678K(96128K) Class: 13704K(14080K)->13704K(14080K)
[2026-01-02T01:56:47.414+0000][3.882s][info][gc          ] GC(16) Pause Young (Prepare Mixed) (G1 Evacuation Pause) 157M->58M(168M) 1.845ms
[2026-01-02T01:56:47.414+0000][3.882s][info][gc,cpu      ] GC(16) User=0.01s Sys=0.00s Real=0.00s
[2026-01-02T01:56:47.613+0000][4.082s][info][gc,heap,exit] Heap
[2026-01-02T01:56:47.613+0000][4.082s][info][gc,heap,exit]  garbage-first heap   total 172032K, used 91886K [0x00000000c0000000, 0x0000000100000000)
[2026-01-02T01:56:47.613+0000][4.082s][info][gc,heap,exit]   region size 1024K, 37 young (37888K), 5 survivors (5120K)
[2026-01-02T01:56:47.613+0000][4.082s][info][gc,heap,exit]  Metaspace       used 113909K, committed 114752K, reserved 1179648K
[2026-01-02T01:56:47.613+0000][4.082s][info][gc,heap,exit]   class space    used 14341K, committed 14720K, reserved 1048576K
